<html>
<body>
<pre>
<h1>µVision Build Log</h1>
<h2>Tool Versions:</h2>
IDE-Version: ¦ÌVision V5.28.0.0
Copyright (C) 2019 ARM Ltd and ARM Germany GmbH. All rights reserved.
License Information: jh jh, jh, LIC=IC9UH-WNE8I-33SM1-CJ7EY-4QU6X-3F0UE
 
Tool Versions:
Toolchain:       MDK-ARM Professional  Version: 5.28.0.0
Toolchain Path:  D:\kvl\ARM\ARMCC\Bin
C Compiler:      Armcc.exe V5.06 update 6 (build 750)
Assembler:       Armasm.exe V5.06 update 6 (build 750)
Linker/Locator:  ArmLink.exe V5.06 update 6 (build 750)
Library Manager: ArmAr.exe V5.06 update 6 (build 750)
Hex Converter:   FromElf.exe V5.06 update 6 (build 750)
CPU DLL:         SARMCM3.DLL V5.28.0.0
Dialog DLL:      DCM.DLL V1.17.3.0
Target DLL:      Segger\JL2CM3.dll V2.99.36.0
Dialog DLL:      TCM.DLL V1.36.2.0
 
<h2>Project:</h2>
D:\deskdesk\stm32project\´®¿ÚÍ¨Ñ¶\project.uvprojx
Project File Date:  10/18/2024

<h2>Output:</h2>
*** Using Compiler 'V5.06 update 6 (build 750)', folder: 'D:\kvl\ARM\ARMCC\Bin'
Build target 'Target 1'
compiling main.c...
.\hardware\LED.H(4): warning:  #1295-D: Deprecated declaration LED1_ON - give arg types
  void LED1_ON();
.\hardware\LED.H(5): warning:  #1295-D: Deprecated declaration LED1_OFF - give arg types
  void LED1_OFF();
.\hardware\LED.H(6): warning:  #1295-D: Deprecated declaration LED2_ON - give arg types
  void LED2_ON();
.\hardware\LED.H(7): warning:  #1295-D: Deprecated declaration LED2_OFF - give arg types
  void LED2_OFF();
.\hardware\SERIAL.H(8): warning:  #1-D: last line of file ends without a newline
  #endif
user\main.c(30): warning:  #177-D: variable "testnum"  was declared but never referenced
  	int testnum=114;
user\main.c(33): warning:  #177-D: variable "myarray"  was declared but never referenced
  	uint8_t myarray[]={0x42,0x43,0x44,0x45};
user\main.c: 7 warnings, 0 errors
linking...
Program Size: Code=1448 RO-data=268 RW-data=20 ZI-data=1028  
".\Objects\project.axf" - 0 Error(s), 7 Warning(s).

<h2>Software Packages used:</h2>

Package Vendor: Keil
                http://www.keil.com/pack/Keil.STM32F1xx_DFP.1.0.5.pack
                Keil.STM32F1xx_DFP.1.0.5
                STMicroelectronics STM32F1 Series Device Support, Drivers and Examples

<h2>Collection of Component include folders:</h2>
  .\RTE\_Target_1
  D:\kvlp\Keil\STM32F1xx_DFP\1.0.5\Device\Include

<h2>Collection of Component Files used:</h2>
Build Time Elapsed:  00:00:01
</pre>
</body>
</html>
